           mode
Switch(config-if-range)#sw tr ?
  allowed  Set allowed VLAN characteristics when interface is in trunking mode
  native   Set trunking native characteristics when interface is in trunking
           mode
Switch(config-if-range)#sw tr ?
  allowed  Set allowed VLAN characteristics when interface is in trunking mode
  native   Set trunking native characteristics when interface is in trunking
           mode
Switch(config-if-range)#sw tr ?
  allowed  Set allowed VLAN characteristics when interface is in trunking mode
  native   Set trunking native characteristics when interface is in trunking
           mode
Switch(config-if-range)#sw tr ?
  allowed  Set allowed VLAN characteristics when interface is in trunking mode
  native   Set trunking native characteristics when interface is in trunking
           mode
Switch(config-if-range)#sw tr ?
  allowed  Set allowed VLAN characteristics when interface is in trunking mode
  native   Set trunking native characteristics when interface is in trunking
           mode
Switch(config-if-range)#sw tr ?
  allowed  Set allowed VLAN characteristics when interface is in trunking mode
  native   Set trunking native characteristics when interface is in trunking
           mode
Switch(config-if-range)#sw tr ?
  allowed  Set allowed VLAN characteristics when interface is in trunking mode
  native   Set trunking native characteristics when interface is in trunking
           mode
Switch(config-if-range)#sw tr ?
  allowed  Set allowed VLAN characteristics when interface is in trunking mode
  native   Set trunking native characteristics when interface is in trunking
           mode
Switch(config-if-range)#sw tr ?
  allowed  Set allowed VLAN characteristics when interface is in trunking mode
  native   Set trunking native characteristics when interface is in trunking
           mode
Switch(config-if-range)#sw tr ?
  allowed  Set allowed VLAN characteristics when interface is in trunking mode
  native   Set trunking native characteristics when interface is in trunking
           mode
Switch(config-if-range)#sw tr ?
  allowed  Set allowed VLAN characteristics when interface is in trunking mode
  native   Set trunking native characteristics when interface is in trunking
           mode
Switch(config-if-range)#int ran f0/1-2
Switch(config-if-range)#sw mo acc
Switch(config-if-range)#sw acc vlan 10
% Access VLAN does not exist. Creating vlan 10
Switch(config-if-range)#spa
Switch(config-if-range)#spanning-tree port
Switch(config-if-range)#spanning-tree portfast 
%Warning: portfast should only be enabled on ports connected to a single
host. Connecting hubs, concentrators, switches, bridges, etc... to this
interface  when portfast is enabled, can cause temporary bridging loops.
Use with CAUTION

%Portfast has been configured on FastEthernet0/1 but will only
have effect when the interface is in a non-trunking mode.
%Warning: portfast should only be enabled on ports connected to a single
host. Connecting hubs, concentrators, switches, bridges, etc... to this
interface  when portfast is enabled, can cause temporary bridging loops.
Use with CAUTION

%Portfast has been configured on FastEthernet0/2 but will only
have effect when the interface is in a non-trunking mode.
Switch(config-if-range)#do sh vlan bri

VLAN Name                             Status    Ports
---- -------------------------------- --------- -------------------------------
1    default                          active    Fa0/3, Fa0/4, Fa0/7, Fa0/8
                                                Fa0/9, Fa0/10, Fa0/11, Fa0/12
                                                Fa0/13, Fa0/14, Fa0/15, Fa0/16
                                                Fa0/17, Fa0/18, Fa0/19, Fa0/20
                                                Fa0/21, Fa0/22, Fa0/23, Fa0/24
                                                Gig0/1, Gig0/2
10   VLAN0010                         active    Fa0/1, Fa0/2
1002 fddi-default                     active    
1003 token-ring-default               active    
1004 fddinet-default                  active    
1005 trnet-default                    active    
Switch(config-if-range)#do sh tr
sh tr
    ^
% Invalid input detected at '^' marker.
	
Switch(config-if-range)#end
Switch#
%SYS-5-CONFIG_I: Configured from console by console

Switch#
Switch#
Switch#
Switch#
Switch#sh tr?
% Unrecognized command
Switch#sh t ?
% Ambiguous command: "sh t "
Switch#sh tr ?
% Unrecognized command
Switch#sh ?
  access-lists       List access lists
  arp                Arp table
  boot               show boot attributes
  cdp                CDP information
  clock              Display the system clock
  crypto             Encryption module
  dhcp               Dynamic Host Configuration Protocol status
  dtp                DTP information
  etherchannel       EtherChannel information
  flash:             display information about flash: file system
  history            Display the session command history
  hosts              IP domain-name, lookup style, nameservers, and host table
  interfaces         Interface status and configuration
  ip                 IP information
  lldp               LLDP information
  logging            Show the contents of logging buffers
  mac                MAC configuration
  mac-address-table  MAC forwarding table
  mls                Show MultiLayer Switching information
  monitor            SPAN information and configuration
  ntp                Network time protocol
  port-security      Show secure port information
  privilege          Show current privilege level
  processes          Active process statistics
  running-config     Current operating configuration
  sdm                Switch database management
  sessions           Information about Telnet connections
  snmp               snmp statistics
  spanning-tree      Spanning tree topology
  ssh                Status of SSH server connections
  startup-config     Contents of startup configuration
  storm-control      Show storm control configuration
  tcp                Status of TCP connections
  tech-support       Show system information for Tech-Support
  terminal           Display terminal configuration parameters
  users              Display information about terminal lines
  version            System hardware and software status
  vlan               VTP VLAN status
  vtp                VTP information
Switch#sh 
% Incomplete command.
Switch#
Switch#
Switch#
Switch#
Switch#
Switch#
Switch#
Switch#
Switch#
Switch#
Switch#
Switch#
Switch#
Switch#
Switch#
Switch#sh vlan ?
  brief  VTP all VLAN status in brief
  id     VTP VLAN status by VLAN id
  name   VTP VLAN status by VLAN name
  <cr>
Switch#sh vlan 

VLAN Name                             Status    Ports
---- -------------------------------- --------- -------------------------------
1    default                          active    Fa0/3, Fa0/4, Fa0/7, Fa0/8
                                                Fa0/9, Fa0/10, Fa0/11, Fa0/12
                                                Fa0/13, Fa0/14, Fa0/15, Fa0/16
                                                Fa0/17, Fa0/18, Fa0/19, Fa0/20
                                                Fa0/21, Fa0/22, Fa0/23, Fa0/24
                                                Gig0/1, Gig0/2
10   VLAN0010                         active    Fa0/1, Fa0/2
1002 fddi-default                     active    
1003 token-ring-default               active    
1004 fddinet-default                  active    
1005 trnet-default                    active    

VLAN Type  SAID       MTU   Parent RingNo BridgeNo Stp  BrdgMode Trans1 Trans2
---- ----- ---------- ----- ------ ------ -------- ---- -------- ------ ------
1    enet  100001     1500  -      -      -        -    -        0      0
10   enet  100010     1500  -      -      -        -    -        0      0
1002 fddi  101002     1500  -      -      -        -    -        0      0   
1003 tr    101003     1500  -      -      -        -    -        0      0   
1004 fdnet 101004     1500  -      -      -        ieee -        0      0   
1005 trnet 101005     1500  -      -      -        ibm  -        0      0   

VLAN Type  SAID       MTU   Parent RingNo BridgeNo Stp  BrdgMode Trans1 Trans2
---- ----- ---------- ----- ------ ------ -------- ---- -------- ------ ------

Remote SPAN VLANs
------------------------------------------------------------------------------

Primary Secondary Type              Ports
------- --------- ----------------- ------------------------------------------
Switch#
Switch#
Switch#
Switch#
Switch#
